// Jest Snapshot v1, https://goo.gl/fbAQLP

exports[`test Map render Map rendered 1`] = `
<div
  id="map"
  style={
    Object {
      "height": "100%",
      "width": "100%",
      "zIndex": "1",
    }
  }
/>
`;
