// Jest Snapshot v1, https://goo.gl/fbAQLP

exports[`Render Location 1`] = `
<li
  className="locations__item"
  onClick={[Function]}
>
  <a
    className="tabs__item--active locations__item-link tabs__item"
    href="#"
  >
    <span>
      Amsterdam
    </span>
  </a>
</li>
`;
